#
# There is insufficient memory for the Java Runtime Environment to continue.
# Native memory allocation (malloc) failed to allocate 16894616 bytes. Error detail: Chunk::new
# Possible reasons:
#   The system is out of physical RAM or swap space
#   This process is running with CompressedOops enabled, and the Java Heap may be blocking the growth of the native heap
# Possible solutions:
#   Reduce memory load on the system
#   Increase physical memory or swap space
#   Check if swap backing store is full
#   Decrease Java heap size (-Xmx/-Xms)
#   Decrease number of Java threads
#   Decrease Java thread stack sizes (-Xss)
#   Set larger code cache with -XX:ReservedCodeCacheSize=
#   JVM is running with Zero Based Compressed Oops mode in which the Java heap is
#     placed in the first 32GB address space. The Java Heap base address is the
#     maximum limit for the native heap growth. Please use -XX:HeapBaseMinAddress
#     to set the Java Heap base and to place the Java Heap above 32GB virtual address.
# This output file may be truncated or incomplete.
#
#  Out of Memory Error (arena.cpp:186), pid=14216, tid=13064
#
# JRE version: OpenJDK Runtime Environment (25.0.3) (build 25.0.3+-15898627-b508.16)
# Java VM: OpenJDK 64-Bit Server VM (25.0.3+-15898627-b508.16, mixed mode, tiered, compressed oops, compressed class ptrs, g1 gc, windows-amd64)
# No core dump will be written. Minidumps are not enabled by default on client versions of Windows
#

---------------  S U M M A R Y ------------

Command Line: --add-opens=java.base/java.lang=ALL-UNNAMED --add-opens=java.base/java.lang.invoke=ALL-UNNAMED --add-opens=java.base/java.util=ALL-UNNAMED --add-opens=java.prefs/java.util.prefs=ALL-UNNAMED --add-exports=jdk.compiler/com.sun.tools.javac.api=ALL-UNNAMED --add-exports=jdk.compiler/com.sun.tools.javac.util=ALL-UNNAMED --add-opens=java.base/java.util=ALL-UNNAMED --add-opens=java.prefs/java.util.prefs=ALL-UNNAMED --add-opens=java.base/java.nio.charset=ALL-UNNAMED --add-opens=java.base/java.net=ALL-UNNAMED --add-opens=java.base/java.util.concurrent=ALL-UNNAMED --add-opens=java.base/java.util.concurrent.atomic=ALL-UNNAMED --add-opens=java.xml/javax.xml.namespace=ALL-UNNAMED --add-opens=java.base/java.time=ALL-UNNAMED --enable-native-access=ALL-UNNAMED -Xmx4g -Dfile.encoding=UTF-8 -Duser.country=US -Duser.language=en -Duser.variant -javaagent:C:\Users\Windows_11\.gradle\wrapper\dists\gradle-9.3.1-bin\23ovyewtku6u96viwx3xl3oks\gradle-9.3.1\lib\agents\gradle-instrumentation-agent-9.3.1.jar org.gradle.launcher.daemon.bootstrap.GradleDaemon 9.3.1

Host: Intel(R) Core(TM) i3-1005G1 CPU @ 1.20GHz, 4 cores, 7G,  Windows 11 , 64 bit Build 26100 (10.0.26100.9444)
Time: Sat Oct  3 23:34:53 2026 India Standard Time elapsed time: 8.646195 seconds (0d 0h 0m 8s)

---------------  T H R E A D  ---------------

Current thread (0x000001875a6be660):  JavaThread "C2 CompilerThread0" daemon [_thread_in_native, id=13064, stack(0x0000007501b00000,0x0000007501c00000) (1024K)]


Current CompileTask:
C2:8646 4565   !   4       java.net.URLClassLoader::findClass (77 bytes)

Stack: [0x0000007501b00000,0x0000007501c00000]
Native frames: (J=compiled Java code, j=interpreted, Vv=VM code, C=native code)
V  [jvm.dll+0x7bf039]  (no source info available)
V  [jvm.dll+0x78912d]  (no source info available)
V  [jvm.dll+0xa0e615]  (no source info available)
V  [jvm.dll+0xa10c94]  (no source info available)
V  [jvm.dll+0xa11393]  (no source info available)
V  [jvm.dll+0x30a116]  (no source info available)
V  [jvm.dll+0x10eda9]  (no source info available)
V  [jvm.dll+0x10f0d2]  (no source info available)
V  [jvm.dll+0x1a9b77]  (no source info available)
V  [jvm.dll+0x3bf612]  (no source info available)
V  [jvm.dll+0x7c48b7]  (no source info available)
V  [jvm.dll+0x2ce466]  (no source info available)
V  [jvm.dll+0x2cd641]  (no source info available)
V  [jvm.dll+0x24334a]  (no source info available)
V  [jvm.dll+0x2dd025]  (no source info available)
V  [jvm.dll+0x2db226]  (no source info available)
V  [jvm.dll+0x49c12e]  (no source info available)
V  [jvm.dll+0x9ad738]  (no source info available)
V  [jvm.dll+0x7bd585]  (no source info available)
C  [ucrtbase.dll+0x2cd30]  (no source info available)
C  [KERNEL32.DLL+0x2cd87]  (no source info available)
C  [ntdll.dll+0xacaec]  (no source info available)

Lock stack of current Java thread (top to bottom):


---------------  P R O C E S S  ---------------

Threads class SMR info:
_java_thread_list=0x00000187602cd7f0, length=36, elements={
0x0000018740bbcd70, 0x000001875a69b2e0, 0x000001875a6da800, 0x000001875a69feb0,
0x000001875a6b7d40, 0x000001875a6b8900, 0x000001875a6ba030, 0x000001875a6bd770,
0x000001875a6be660, 0x000001875a6bf9e0, 0x000001875ab5f740, 0x0000018760ea3bd0,
0x00000187613095b0, 0x00000187612ce880, 0x0000018761304d50, 0x0000018760f30b00,
0x000001875a6e1a20, 0x000001876129d230, 0x000001876129da00, 0x00000187612a10b0,
0x000001876129e1d0, 0x00000187612a1880, 0x00000187612a2820, 0x00000187612a2ff0,
0x000001875ffc2ab0, 0x000001875ffc3280, 0x000001875ffc3a50, 0x000001875ffc22e0,
0x000001876069bbf0, 0x000001876069ac50, 0x000001876069c3c0, 0x000001876069cb90,
0x0000018760699cb0, 0x000001876069ead0, 0x000001876069e300, 0x00000187615b4de0
}

Java Threads: ( => current thread )
  0x0000018740bbcd70 JavaThread "main"                              [_thread_blocked, id=20352, stack(0x0000007500c00000,0x0000007500d00000) (1024K)]
  0x000001875a69b2e0 JavaThread "Common-Cleaner"             daemon [_thread_blocked, id=21460, stack(0x0000007501400000,0x0000007501500000) (1024K)]
  0x000001875a6da800 JavaThread "Reference Handler"          daemon [_thread_blocked, id=15816, stack(0x0000007501500000,0x0000007501600000) (1024K)]
  0x000001875a69feb0 JavaThread "Finalizer"                  daemon [_thread_blocked, id=13900, stack(0x0000007501600000,0x0000007501700000) (1024K)]
  0x000001875a6b7d40 JavaThread "Signal Dispatcher"          daemon [_thread_blocked, id=15472, stack(0x0000007501700000,0x0000007501800000) (1024K)]
  0x000001875a6b8900 JavaThread "Attach Listener"            daemon [_thread_blocked, id=18196, stack(0x0000007501800000,0x0000007501900000) (1024K)]
  0x000001875a6ba030 JavaThread "Service Thread"             daemon [_thread_blocked, id=18928, stack(0x0000007501900000,0x0000007501a00000) (1024K)]
  0x000001875a6bd770 JavaThread "Monitor Deflation Thread"   daemon [_thread_blocked, id=10008, stack(0x0000007501a00000,0x0000007501b00000) (1024K)]
=>0x000001875a6be660 JavaThread "C2 CompilerThread0"         daemon [_thread_in_native, id=13064, stack(0x0000007501b00000,0x0000007501c00000) (1024K)]
  0x000001875a6bf9e0 JavaThread "C1 CompilerThread0"         daemon [_thread_blocked, id=20072, stack(0x0000007501c00000,0x0000007501d00000) (1024K)]
  0x000001875ab5f740 JavaThread "Notification Thread"        daemon [_thread_blocked, id=1500, stack(0x0000007501d00000,0x0000007501e00000) (1024K)]
  0x0000018760ea3bd0 JavaThread "Daemon health stats"               [_thread_blocked, id=21484, stack(0x0000007502100000,0x0000007502200000) (1024K)]
  0x00000187613095b0 JavaThread "Incoming local TCP Connector on port 57266"        [_thread_in_native, id=19724, stack(0x0000007502200000,0x0000007502300000) (1024K)]
  0x00000187612ce880 JavaThread "Daemon periodic checks"            [_thread_blocked, id=19144, stack(0x0000007502300000,0x0000007502400000) (1024K)]
  0x0000018761304d50 JavaThread "Daemon"                            [_thread_blocked, id=15292, stack(0x0000007502400000,0x0000007502500000) (1024K)]
  0x0000018760f30b00 JavaThread "Handler for socket connection from /127.0.0.1:57266 to /127.0.0.1:57267"        [_thread_in_native, id=20172, stack(0x0000007502500000,0x0000007502600000) (1024K)]
  0x000001875a6e1a20 JavaThread "Cancel handler"                    [_thread_blocked, id=15680, stack(0x0000007502600000,0x0000007502700000) (1024K)]
  0x000001876129d230 JavaThread "Daemon worker"                     [_thread_in_Java, id=14900, stack(0x0000007502700000,0x0000007502800000) (1024K)]
  0x000001876129da00 JavaThread "Asynchronous log dispatcher for DefaultDaemonConnection: socket connection from /127.0.0.1:57266 to /127.0.0.1:57267"        [_thread_blocked, id=18592, stack(0x0000007502800000,0x0000007502900000) (1024K)]
  0x00000187612a10b0 JavaThread "Stdin handler"                     [_thread_blocked, id=20760, stack(0x0000007502900000,0x0000007502a00000) (1024K)]
  0x000001876129e1d0 JavaThread "Daemon client event forwarder"        [_thread_blocked, id=2072, stack(0x0000007502a00000,0x0000007502b00000) (1024K)]
  0x00000187612a1880 JavaThread "Cache worker for journal cache (C:\Users\Windows_11\.gradle\caches\journal-1)"        [_thread_blocked, id=4068, stack(0x0000007502b00000,0x0000007502c00000) (1024K)]
  0x00000187612a2820 JavaThread "File lock request listener"        [_thread_in_native, id=6920, stack(0x0000007502c00000,0x0000007502d00000) (1024K)]
  0x00000187612a2ff0 JavaThread "Cache worker for file hash cache (C:\Users\Windows_11\.gradle\caches\9.3.1\fileHashes)"        [_thread_blocked, id=16344, stack(0x0000007502d00000,0x0000007502e00000) (1024K)]
  0x000001875ffc2ab0 JavaThread "Cache worker for file hash cache (C:\Users\Windows_11\Downloads\biodata-maker (1)\.gradle\9.3.1\fileHashes)"        [_thread_blocked, id=21020, stack(0x0000007502e00000,0x0000007502f00000) (1024K)]
  0x000001875ffc3280 JavaThread "Cache worker for Build Output Cleanup Cache (C:\Users\Windows_11\Downloads\biodata-maker (1)\.gradle\buildOutputCleanup)"        [_thread_blocked, id=17596, stack(0x0000007502f00000,0x0000007503000000) (1024K)]
  0x000001875ffc3a50 JavaThread "File watcher server"        daemon [_thread_in_native, id=19740, stack(0x0000007503000000,0x0000007503100000) (1024K)]
  0x000001875ffc22e0 JavaThread "File watcher consumer"      daemon [_thread_blocked, id=18608, stack(0x0000007503100000,0x0000007503200000) (1024K)]
  0x000001876069bbf0 JavaThread "jar transforms"                    [_thread_blocked, id=7940, stack(0x0000007503200000,0x0000007503300000) (1024K)]
  0x000001876069ac50 JavaThread "jar transforms Thread 2"           [_thread_blocked, id=17260, stack(0x0000007503300000,0x0000007503400000) (1024K)]
  0x000001876069c3c0 JavaThread "jar transforms Thread 3"           [_thread_blocked, id=6340, stack(0x0000007503400000,0x0000007503500000) (1024K)]
  0x000001876069cb90 JavaThread "jar transforms Thread 4"           [_thread_blocked, id=14904, stack(0x0000007503500000,0x0000007503600000) (1024K)]
  0x0000018760699cb0 JavaThread "Cache worker for checksums cache (C:\Users\Windows_11\Downloads\biodata-maker (1)\.gradle\9.3.1\checksums)"        [_thread_blocked, id=8564, stack(0x0000007503600000,0x0000007503700000) (1024K)]
  0x000001876069ead0 JavaThread "Cache worker for file content cache (C:\Users\Windows_11\.gradle\caches\9.3.1\fileContent)"        [_thread_blocked, id=572, stack(0x0000007503700000,0x0000007503800000) (1024K)]
  0x000001876069e300 JavaThread "Cache worker for cache directory md-supplier (C:\Users\Windows_11\.gradle\caches\9.3.1\md-supplier)"        [_thread_blocked, id=19420, stack(0x0000007503800000,0x0000007503900000) (1024K)]
  0x00000187615b4de0 JavaThread "Cache worker for cache directory md-rule (C:\Users\Windows_11\.gradle\caches\9.3.1\md-rule)"        [_thread_blocked, id=18496, stack(0x0000007503900000,0x0000007503a00000) (1024K)]
Total: 36

Other Threads:
  0x000001875a673b90 VMThread "VM Thread"                           [id=5080, stack(0x0000007501300000,0x0000007501400000) (1024K)]
  0x000001875a6342b0 WatcherThread "VM Periodic Task Thread"        [id=12788, stack(0x0000007501200000,0x0000007501300000) (1024K)]
  0x0000018740c295e0 WorkerThread "GC Thread#0"                     [id=14088, stack(0x0000007500d00000,0x0000007500e00000) (1024K)]
  0x000001875f5a6330 WorkerThread "GC Thread#1"                     [id=15244, stack(0x0000007501e00000,0x0000007501f00000) (1024K)]
  0x000001875f5b0d40 WorkerThread "GC Thread#2"                     [id=12512, stack(0x0000007501f00000,0x0000007502000000) (1024K)]
  0x000001875f5b1170 WorkerThread "GC Thread#3"                     [id=8612, stack(0x0000007502000000,0x0000007502100000) (1024K)]
  0x0000018740c44d10 ConcurrentGCThread "G1 Main Marker"            [id=19768, stack(0x0000007500e00000,0x0000007500f00000) (1024K)]
  0x0000018740c46050 WorkerThread "G1 Conc#0"                       [id=17804, stack(0x0000007500f00000,0x0000007501000000) (1024K)]
  0x000001875a5040b0 ConcurrentGCThread "G1 Refine#0"               [id=17088, stack(0x0000007501000000,0x0000007501100000) (1024K)]
  0x000001875a506ad0 ConcurrentGCThread "G1 Service"                [id=5352, stack(0x0000007501100000,0x0000007501200000) (1024K)]
Total: 10

Threads with active compile tasks:
C2 CompilerThread0  8726 4565   !   4       java.net.URLClassLoader::findClass (77 bytes)
C1 CompilerThread0  8726 5057       2       jdk.internal.classfile.impl.DirectCodeBuilder::writeExceptionHandlers (165 bytes)
Total: 2

VM state: not at safepoint (normal execution)

VM Mutex/Monitor currently owned by a thread: None

Heap address: 0x0000000700000000, size: 4096 MB, Compressed Oops mode: Zero based, Oop shift amount: 3

CDS archive(s) not mapped
Compressed class space mapped at: 0x0000000036000000-0x0000000076000000, reserved size: 1073741824
UseCompressedClassPointers 1, UseCompactObjectHeaders 0
Narrow klass pointer bits 32, Max shift 3
Narrow klass base: 0x0000000000000000, Narrow klass shift: 0
Encoding Range: [0x0000000000000000 - 0x0000000100000000), (4294967296 bytes)
Klass Range:    [0x0000000036000000 - 0x0000000076000000), (1073741824 bytes)
Klass ID Range:  [905969664 - 1979711481) (1073741817)
No protection zone.

GC Precious Log:
 CardTable entry size: 512
 Card Set container configuration: InlinePtr #cards 4 size 8 Array Of Cards #cards 16 size 48 Howl #buckets 8 coarsen threshold 3686 Howl Bitmap #cards 512 size 80 coarsen threshold 460 Card regions per heap region 1 cards per card region 4096
 CPUs: 4 total, 4 available
 Memory: 7934M
 Large Page Support: Disabled
 NUMA Support: Disabled
 Compressed Oops: Enabled (Zero based)
 Heap Region Size: 2M
 Heap Min Capacity: 8M
 Heap Initial Capacity: 124M
 Heap Max Capacity: 4G
 Pre-touch: Disabled
 Parallel Workers: 4
 Concurrent Workers: 1
 Concurrent Refinement Workers: 4
 Periodic GC: Disabled

Heap:
 garbage-first heap   total reserved 4194304K, committed 90112K, used 66924K [0x0000000700000000, 0x0000000800000000)
  region size 2048K, 9 young (18432K), 2 survivors (4096K)

Heap Regions: E=young(eden), S=young(survivor), O=old, HS=humongous(starts), HC=humongous(continues), CS=collection set, F=free, TAMS=top-at-mark-start, PB=parsable bottom
|   0|0x0000000700000000, 0x0000000700200000, 0x0000000700200000|100%|HS|  |TAMS 0x0000000700000000| PB 0x0000000700000000| Complete |  0
|   1|0x0000000700200000, 0x0000000700400000, 0x0000000700400000|100%|HC|  |TAMS 0x0000000700200000| PB 0x0000000700200000| Complete |  0
|   2|0x0000000700400000, 0x0000000700600000, 0x0000000700600000|100%| O|  |TAMS 0x0000000700400000| PB 0x0000000700400000| Untracked |  0
|   3|0x0000000700600000, 0x0000000700800000, 0x0000000700800000|100%| O|  |TAMS 0x0000000700600000| PB 0x0000000700600000| Untracked |  0
|   4|0x0000000700800000, 0x0000000700a00000, 0x0000000700a00000|100%| O|  |TAMS 0x0000000700800000| PB 0x0000000700800000| Untracked |  0
|   5|0x0000000700a00000, 0x0000000700c00000, 0x0000000700c00000|100%| O|  |TAMS 0x0000000700a00000| PB 0x0000000700a00000| Untracked |  0
|   6|0x0000000700c00000, 0x0000000700e00000, 0x0000000700e00000|100%| O|  |TAMS 0x0000000700c00000| PB 0x0000000700c00000| Untracked |  0
|   7|0x0000000700e00000, 0x0000000701000000, 0x0000000701000000|100%| O|  |TAMS 0x0000000700e00000| PB 0x0000000700e00000| Untracked |  0
|   8|0x0000000701000000, 0x0000000701200000, 0x0000000701200000|100%| O|  |TAMS 0x0000000701000000| PB 0x0000000701000000| Untracked |  0
|   9|0x0000000701200000, 0x0000000701400000, 0x0000000701400000|100%| O|  |TAMS 0x0000000701200000| PB 0x0000000701200000| Untracked |  0
|  10|0x0000000701400000, 0x0000000701400000, 0x0000000701600000|  0%| F|  |TAMS 0x0000000701400000| PB 0x0000000701400000| Untracked |  0
|  11|0x0000000701600000, 0x0000000701800000, 0x0000000701800000|100%| O|  |TAMS 0x0000000701600000| PB 0x0000000701600000| Untracked |  0
|  12|0x0000000701800000, 0x0000000701a00000, 0x0000000701a00000|100%|HS|  |TAMS 0x0000000701800000| PB 0x0000000701800000| Complete |  0
|  13|0x0000000701a00000, 0x0000000701c00000, 0x0000000701c00000|100%|HC|  |TAMS 0x0000000701a00000| PB 0x0000000701a00000| Complete |  0
|  14|0x0000000701c00000, 0x0000000701e00000, 0x0000000701e00000|100%|HC|  |TAMS 0x0000000701c00000| PB 0x0000000701c00000| Complete |  0
|  15|0x0000000701e00000, 0x0000000702000000, 0x0000000702000000|100%| O|  |TAMS 0x0000000701e00000| PB 0x0000000701e00000| Untracked |  0
|  16|0x0000000702000000, 0x0000000702200000, 0x0000000702200000|100%| O|  |TAMS 0x0000000702000000| PB 0x0000000702000000| Untracked |  0
|  17|0x0000000702200000, 0x000000070239b438, 0x0000000702400000| 80%| O|  |TAMS 0x0000000702200000| PB 0x0000000702200000| Untracked |  0
|  18|0x0000000702400000, 0x0000000702600000, 0x0000000702600000|100%|HS|  |TAMS 0x0000000702400000| PB 0x0000000702400000| Complete |  0
|  19|0x0000000702600000, 0x0000000702800000, 0x0000000702800000|100%|HC|  |TAMS 0x0000000702600000| PB 0x0000000702600000| Complete |  0
|  20|0x0000000702800000, 0x0000000702a00000, 0x0000000702a00000|100%|HC|  |TAMS 0x0000000702800000| PB 0x0000000702800000| Complete |  0
|  21|0x0000000702a00000, 0x0000000702a00000, 0x0000000702c00000|  0%| F|  |TAMS 0x0000000702a00000| PB 0x0000000702a00000| Untracked |  0
|  22|0x0000000702c00000, 0x0000000702c00000, 0x0000000702e00000|  0%| F|  |TAMS 0x0000000702c00000| PB 0x0000000702c00000| Untracked |  0
|  23|0x0000000702e00000, 0x0000000702fbfc30, 0x0000000703000000| 87%| S|CS|TAMS 0x0000000702e00000| PB 0x0000000702e00000| Complete |  0
|  24|0x0000000703000000, 0x0000000703200000, 0x0000000703200000|100%| S|CS|TAMS 0x0000000703000000| PB 0x0000000703000000| Complete |  0
|  25|0x0000000703200000, 0x0000000703200000, 0x0000000703400000|  0%| F|  |TAMS 0x0000000703200000| PB 0x0000000703200000| Untracked |  0
|  26|0x0000000703400000, 0x0000000703400000, 0x0000000703600000|  0%| F|  |TAMS 0x0000000703400000| PB 0x0000000703400000| Untracked |  0
|  27|0x0000000703600000, 0x0000000703600000, 0x0000000703800000|  0%| F|  |TAMS 0x0000000703600000| PB 0x0000000703600000| Untracked |  0
|  28|0x0000000703800000, 0x0000000703800000, 0x0000000703a00000|  0%| F|  |TAMS 0x0000000703800000| PB 0x0000000703800000| Untracked |  0
|  29|0x0000000703a00000, 0x0000000703a00000, 0x0000000703c00000|  0%| F|  |TAMS 0x0000000703a00000| PB 0x0000000703a00000| Untracked |  0
|  30|0x0000000703c00000, 0x0000000703c00000, 0x0000000703e00000|  0%| F|  |TAMS 0x0000000703c00000| PB 0x0000000703c00000| Untracked |  0
|  31|0x0000000703e00000, 0x0000000703e00000, 0x0000000704000000|  0%| F|  |TAMS 0x0000000703e00000| PB 0x0000000703e00000| Untracked |  0
|  32|0x0000000704000000, 0x00000007041dfdb0, 0x0000000704200000| 93%| E|  |TAMS 0x0000000704000000| PB 0x0000000704000000| Complete |  0
|  33|0x0000000704200000, 0x0000000704400000, 0x0000000704400000|100%| E|CS|TAMS 0x0000000704200000| PB 0x0000000704200000| Complete |  0
|  34|0x0000000704400000, 0x0000000704600000, 0x0000000704600000|100%| E|CS|TAMS 0x0000000704400000| PB 0x0000000704400000| Complete |  0
|  35|0x0000000704600000, 0x0000000704800000, 0x0000000704800000|100%| E|CS|TAMS 0x0000000704600000| PB 0x0000000704600000| Complete |  0
|  36|0x0000000704800000, 0x0000000704a00000, 0x0000000704a00000|100%| E|CS|TAMS 0x0000000704800000| PB 0x0000000704800000| Complete |  0
|  37|0x0000000704a00000, 0x0000000704c00000, 0x0000000704c00000|100%| E|CS|TAMS 0x0000000704a00000| PB 0x0000000704a00000| Complete |  0
|  61|0x0000000707a00000, 0x0000000707c00000, 0x0000000707c00000|100%| E|CS|TAMS 0x0000000707a00000| PB 0x0000000707a00000| Complete |  0
|2043|0x00000007ff600000, 0x00000007ff800000, 0x00000007ff800000|100%| O|  |TAMS 0x00000007ff600000| PB 0x00000007ff600000| Untracked |  0
|2044|0x00000007ff800000, 0x00000007ffa00000, 0x00000007ffa00000|100%| O|  |TAMS 0x00000007ff800000| PB 0x00000007ff800000| Untracked |  0
|2045|0x00000007ffa00000, 0x00000007ffc00000, 0x00000007ffc00000|100%| O|  |TAMS 0x00000007ffa00000| PB 0x00000007ffa00000| Untracked |  0
|2046|0x00000007ffc00000, 0x00000007ffe00000, 0x00000007ffe00000|100%| O|  |TAMS 0x00000007ffc00000| PB 0x00000007ffc00000| Untracked |  0
|2047|0x00000007ffe00000, 0x0000000800000000, 0x0000000800000000|100%| O|  |TAMS 0x00000007ffe00000| PB 0x00000007ffe00000| Untracked |  0

Card table byte_map: [0x00000187538c0000,0x00000187540c0000] _byte_map_base: 0x00000187500c0000

Marking Bits: (CMBitMap*) 0x0000018740c2a580
 Bits: [0x00000187540c0000, 0x00000187580c0000)

Polling page: 0x000001873e980000

Metaspace:
Metaspace        used 51990K, committed 53440K, reserved 1114112K
 class space     used 7552K, committed 8256K, reserved 1048576K

Usage:
  Non-class:     43.40 MB used.
      Class:      7.38 MB used.
       Both:     50.77 MB used.

Virtual space:
  Non-class space:       64.00 MB reserved,      44.12 MB ( 69%) committed,  1 nodes.
      Class space:        1.00 GB reserved,       8.06 MB ( <1%) committed,  1 nodes.
             Both:        1.06 GB reserved,      52.19 MB (  5%) committed. 

Chunk freelists:
   Non-Class:  3.52 MB
       Class:  7.79 MB
        Both:  11.31 MB

MaxMetaspaceSize: unlimited
CompressedClassSpaceSize: 1.00 GB
Initial GC threshold: 21.00 MB
Current GC threshold: 73.69 MB
CDS: off
 - commit_granule_bytes: 65536.
 - commit_granule_words: 8192.
 - virtual_space_node_default_size: 8388608.
 - enlarge_chunks_in_place: 1.
UseCompressedClassPointers 1, UseCompactObjectHeaders 0
Narrow klass pointer bits 32, Max shift 3
Narrow klass base: 0x0000000000000000, Narrow klass shift: 0
Encoding Range: [0x0000000000000000 - 0x0000000100000000), (4294967296 bytes)
Klass Range:    [0x0000000036000000 - 0x0000000076000000), (1073741824 bytes)
Klass ID Range:  [905969664 - 1979711481) (1073741817)
No protection zone.


Internal statistics:

num_allocs_failed_limit: 6.
num_arena_births: 2680.
num_arena_deaths: 0.
num_vsnodes_births: 2.
num_vsnodes_deaths: 0.
num_space_committed: 835.
num_space_uncommitted: 0.
num_chunks_returned_to_freelist: 6.
num_chunks_taken_from_freelist: 4562.
num_chunk_merges: 6.
num_chunk_splits: 3010.
num_chunks_enlarged: 1887.
num_inconsistent_stats: 0.

CodeHeap 'non-profiled nmethods': size=120064Kb used=1843Kb max_used=1843Kb free=118220Kb
 bounds [0x000001874bb80000, 0x000001874bdf0000, 0x00000187530c0000]
CodeHeap 'profiled nmethods': size=120064Kb used=6653Kb max_used=6653Kb free=113410Kb
 bounds [0x00000187440a0000, 0x0000018744720000, 0x000001874b5e0000]
CodeHeap 'non-nmethods': size=5760Kb used=2059Kb max_used=2123Kb free=3700Kb
 bounds [0x000001874b5e0000, 0x000001874b850000, 0x000001874bb80000]
CodeCache: size=245888Kb, used=10555Kb, max_used=10619Kb, free=235330Kb
 total_blobs=5180, nmethods=4431, adapters=651, full_count=0
Compilation: enabled, stopped_count=0, restarted_count=0

Compilation events (20 events):
Event: 8.620 Thread 0x000001875a6bf9e0 nmethod 5016 0x0000018744714388 code [0x0000018744714480, 0x00000187447146b8]
Event: 8.631 Thread 0x000001875a6bf9e0 5017       3       java.lang.String::regionMatches (150 bytes)
Event: 8.631 Thread 0x000001875a6bf9e0 nmethod 5017 0x0000018744714708 code [0x0000018744714800, 0x00000187447152c8]
Event: 8.633 Thread 0x000001875a6bf9e0 5019       2       java.lang.invoke.BoundMethodHandle::rebind (14 bytes)
Event: 8.633 Thread 0x000001875a6bf9e0 nmethod 5019 0x0000018744715308 code [0x0000018744715400, 0x0000018744715608]
Event: 8.633 Thread 0x000001875a6bf9e0 5020       2       java.lang.invoke.BoundMethodHandle::tooComplex (27 bytes)
Event: 8.633 Thread 0x000001875a6bf9e0 nmethod 5020 0x0000018744715688 code [0x0000018744715780, 0x0000018744715940]
Event: 8.633 Thread 0x000001875a6bf9e0 5021       2       java.lang.invoke.BoundMethodHandle::fieldCount (8 bytes)
Event: 8.633 Thread 0x000001875a6bf9e0 nmethod 5021 0x0000018744715988 code [0x0000018744715a80, 0x0000018744715be0]
Event: 8.636 Thread 0x000001875a6bf9e0 5022       2       java.util.stream.AbstractSpinedBuffer::count (31 bytes)
Event: 8.636 Thread 0x000001875a6bf9e0 nmethod 5022 0x0000018744715c88 code [0x0000018744715d80, 0x0000018744715ef8]
Event: 8.637 Thread 0x000001875a6bf9e0 5023       2       org.codehaus.groovy.reflection.CachedClass::isAssignableFrom (15 bytes)
Event: 8.637 Thread 0x000001875a6bf9e0 nmethod 5023 0x0000018744715f88 code [0x0000018744716080, 0x00000187447161e0]
Event: 8.639 Thread 0x000001875a6bf9e0 5024       2       sun.reflect.generics.repository.ConstructorRepository::getParameterTypes (27 bytes)
Event: 8.639 Thread 0x000001875a6bf9e0 nmethod 5024 0x0000018744716288 code [0x0000018744716380, 0x00000187447165a8]
Event: 8.639 Thread 0x000001875a6bf9e0 5025       2       java.util.Hashtable$Enumerator::nextElement (111 bytes)
Event: 8.639 Thread 0x000001875a6bf9e0 nmethod 5025 0x0000018744716608 code [0x0000018744716700, 0x0000018744716af8]
Event: 8.639 Thread 0x000001875a6bf9e0 5027       2       java.util.Collections$UnmodifiableMap$UnmodifiableEntrySet$1::hasNext (10 bytes)
Event: 8.639 Thread 0x000001875a6bf9e0 nmethod 5027 0x0000018744716b08 code [0x0000018744716c00, 0x0000018744716d38]
Event: 8.639 Thread 0x000001875a6bf9e0 5026   !   2       com.sun.beans.introspect.PropertyInfo::initialize (374 bytes)

GC Heap Usage History (20 events):
Event: 2.319 {heap Before GC invocations=2 (full 0):
 garbage-first heap   total reserved 4194304K, committed 126976K, used 75019K [0x0000000700000000, 0x0000000800000000)
  region size 2048K, 35 young (71680K), 4 survivors (8192K)
}
Event: 2.328 {heap After GC invocations=3 (full 0):
 garbage-first heap   total reserved 4194304K, committed 126976K, used 12520K [0x0000000700000000, 0x0000000800000000)
  region size 2048K, 1 young (2048K), 1 survivors (2048K)
}
Event: 3.593 {heap Before GC invocations=3 (full 0):
 garbage-first heap   total reserved 4194304K, committed 126976K, used 78056K [0x0000000700000000, 0x0000000800000000)
  region size 2048K, 34 young (69632K), 1 survivors (2048K)
}
Event: 3.601 {heap After GC invocations=4 (full 0):
 garbage-first heap   total reserved 4194304K, committed 126976K, used 20742K [0x0000000700000000, 0x0000000800000000)
  region size 2048K, 5 young (10240K), 5 survivors (10240K)
}
Event: 4.361 {heap Before GC invocations=5 (full 0):
 garbage-first heap   total reserved 4194304K, committed 75776K, used 55558K [0x0000000700000000, 0x0000000800000000)
  region size 2048K, 22 young (45056K), 5 survivors (10240K)
}
Event: 4.371 {heap After GC invocations=6 (full 0):
 garbage-first heap   total reserved 4194304K, committed 75776K, used 23002K [0x0000000700000000, 0x0000000800000000)
  region size 2048K, 2 young (4096K), 2 survivors (4096K)
}
Event: 5.020 {heap Before GC invocations=6 (full 0):
 garbage-first heap   total reserved 4194304K, committed 75776K, used 55770K [0x0000000700000000, 0x0000000800000000)
  region size 2048K, 19 young (38912K), 2 survivors (4096K)
}
Event: 5.025 {heap After GC invocations=7 (full 0):
 garbage-first heap   total reserved 4194304K, committed 75776K, used 24372K [0x0000000700000000, 0x0000000800000000)
  region size 2048K, 2 young (4096K), 2 survivors (4096K)
}
Event: 5.731 {heap Before GC invocations=7 (full 0):
 garbage-first heap   total reserved 4194304K, committed 75776K, used 46900K [0x0000000700000000, 0x0000000800000000)
  region size 2048K, 14 young (28672K), 2 survivors (4096K)
}
Event: 5.737 {heap After GC invocations=8 (full 0):
 garbage-first heap   total reserved 4194304K, committed 75776K, used 25884K [0x0000000700000000, 0x0000000800000000)
  region size 2048K, 2 young (4096K), 2 survivors (4096K)
}
Event: 6.301 {heap Before GC invocations=9 (full 0):
 garbage-first heap   total reserved 4194304K, committed 75776K, used 66844K [0x0000000700000000, 0x0000000800000000)
  region size 2048K, 19 young (38912K), 2 survivors (4096K)
}
Event: 6.306 {heap After GC invocations=10 (full 0):
 garbage-first heap   total reserved 4194304K, committed 77824K, used 36276K [0x0000000700000000, 0x0000000800000000)
  region size 2048K, 3 young (6144K), 3 survivors (6144K)
}
Event: 6.790 {heap Before GC invocations=10 (full 0):
 garbage-first heap   total reserved 4194304K, committed 77824K, used 71092K [0x0000000700000000, 0x0000000800000000)
  region size 2048K, 17 young (34816K), 3 survivors (6144K)
}
Event: 6.801 {heap After GC invocations=11 (full 0):
 garbage-first heap   total reserved 4194304K, committed 88064K, used 50405K [0x0000000700000000, 0x0000000800000000)
  region size 2048K, 3 young (6144K), 3 survivors (6144K)
}
Event: 7.192 {heap Before GC invocations=11 (full 0):
 garbage-first heap   total reserved 4194304K, committed 88064K, used 74981K [0x0000000700000000, 0x0000000800000000)
  region size 2048K, 15 young (30720K), 3 survivors (6144K)
}
Event: 7.195 {heap After GC invocations=12 (full 0):
 garbage-first heap   total reserved 4194304K, committed 88064K, used 51444K [0x0000000700000000, 0x0000000800000000)
  region size 2048K, 1 young (2048K), 1 survivors (2048K)
}
Event: 7.997 {heap Before GC invocations=13 (full 0):
 garbage-first heap   total reserved 4194304K, committed 90112K, used 76020K [0x0000000700000000, 0x0000000800000000)
  region size 2048K, 13 young (26624K), 1 survivors (2048K)
}
Event: 8.001 {heap After GC invocations=14 (full 0):
 garbage-first heap   total reserved 4194304K, committed 90112K, used 52763K [0x0000000700000000, 0x0000000800000000)
  region size 2048K, 2 young (4096K), 2 survivors (4096K)
}
Event: 8.451 {heap Before GC invocations=14 (full 0):
 garbage-first heap   total reserved 4194304K, committed 90112K, used 75291K [0x0000000700000000, 0x0000000800000000)
  region size 2048K, 14 young (28672K), 2 survivors (4096K)
}
Event: 8.460 {heap After GC invocations=15 (full 0):
 garbage-first heap   total reserved 4194304K, committed 90112K, used 54636K [0x0000000700000000, 0x0000000800000000)
  region size 2048K, 2 young (4096K), 2 survivors (4096K)
}

Metaspace Usage History (20 events):
Event: 2.319 {metaspace Before GC invocations=2 (full 0):
 Metaspace       used 13205K, committed 13312K, reserved 1114112K
  class space    used 1489K, committed 1536K, reserved 1048576K
}
Event: 2.328 {metaspace After GC invocations=3 (full 0):
 Metaspace       used 13205K, committed 13312K, reserved 1114112K
  class space    used 1489K, committed 1536K, reserved 1048576K
}
Event: 3.593 {metaspace Before GC invocations=3 (full 0):
 Metaspace       used 21233K, committed 21504K, reserved 1114112K
  class space    used 2562K, committed 2688K, reserved 1048576K
}
Event: 3.601 {metaspace After GC invocations=4 (full 0):
 Metaspace       used 21233K, committed 21504K, reserved 1114112K
  class space    used 2562K, committed 2688K, reserved 1048576K
}
Event: 4.361 {metaspace Before GC invocations=5 (full 0):
 Metaspace       used 26945K, committed 27392K, reserved 1114112K
  class space    used 3459K, committed 3648K, reserved 1048576K
}
Event: 4.371 {metaspace After GC invocations=6 (full 0):
 Metaspace       used 26945K, committed 27392K, reserved 1114112K
  class space    used 3459K, committed 3648K, reserved 1048576K
}
Event: 5.020 {metaspace Before GC invocations=6 (full 0):
 Metaspace       used 32019K, committed 32512K, reserved 1114112K
  class space    used 4244K, committed 4480K, reserved 1048576K
}
Event: 5.025 {metaspace After GC invocations=7 (full 0):
 Metaspace       used 32019K, committed 32512K, reserved 1114112K
  class space    used 4244K, committed 4480K, reserved 1048576K
}
Event: 5.731 {metaspace Before GC invocations=7 (full 0):
 Metaspace       used 35331K, committed 35968K, reserved 1114112K
  class space    used 4814K, committed 5120K, reserved 1048576K
}
Event: 5.737 {metaspace After GC invocations=8 (full 0):
 Metaspace       used 35331K, committed 35968K, reserved 1114112K
  class space    used 4814K, committed 5120K, reserved 1048576K
}
Event: 6.301 {metaspace Before GC invocations=9 (full 0):
 Metaspace       used 38828K, committed 39680K, reserved 1114112K
  class space    used 5475K, committed 5888K, reserved 1048576K
}
Event: 6.306 {metaspace After GC invocations=10 (full 0):
 Metaspace       used 38828K, committed 39680K, reserved 1114112K
  class space    used 5475K, committed 5888K, reserved 1048576K
}
Event: 6.790 {metaspace Before GC invocations=10 (full 0):
 Metaspace       used 41699K, committed 42624K, reserved 1114112K
  class space    used 5930K, committed 6400K, reserved 1048576K
}
Event: 6.801 {metaspace After GC invocations=11 (full 0):
 Metaspace       used 41699K, committed 42624K, reserved 1114112K
  class space    used 5930K, committed 6400K, reserved 1048576K
}
Event: 7.192 {metaspace Before GC invocations=11 (full 0):
 Metaspace       used 44113K, committed 45248K, reserved 1114112K
  class space    used 6388K, committed 6912K, reserved 1048576K
}
Event: 7.195 {metaspace After GC invocations=12 (full 0):
 Metaspace       used 44113K, committed 45248K, reserved 1114112K
  class space    used 6388K, committed 6912K, reserved 1048576K
}
Event: 7.997 {metaspace Before GC invocations=13 (full 0):
 Metaspace       used 46847K, committed 48064K, reserved 1114112K
  class space    used 6899K, committed 7488K, reserved 1048576K
}
Event: 8.001 {metaspace After GC invocations=14 (full 0):
 Metaspace       used 46847K, committed 48064K, reserved 1114112K
  class space    used 6899K, committed 7488K, reserved 1048576K
}
Event: 8.451 {metaspace Before GC invocations=14 (full 0):
 Metaspace       used 50637K, committed 51968K, reserved 1114112K
  class space    used 7346K, committed 8000K, reserved 1048576K
}
Event: 8.460 {metaspace After GC invocations=15 (full 0):
 Metaspace       used 50637K, committed 51968K, reserved 1114112K
  class space    used 7346K, committed 8000K, reserved 1048576K
}

Dll operation events (3 events):
Event: 0.015 Loaded shared library C:\Program Files\Android\Android Studio\jbr\bin\java.dll
Event: 0.021 Loaded shared library C:\Program Files\Android\Android Studio\jbr\bin\zip.dll
Event: 1.389 Loaded shared library C:\Program Files\Android\Android Studio\jbr\bin\verify.dll

Deoptimization events (20 events):
Event: 8.492 Thread 0x000001876129d230 Uncommon trap: trap_request=0xffffff45 fr.pc=0x000001874bcaaeec relative=0x00000000000001ec
Event: 8.492 Thread 0x000001876129d230 Uncommon trap: reason=unstable_if action=reinterpret pc=0x000001874bcaaeec method=java.lang.invoke.LambdaForm.useCount(Ljava/lang/invoke/LambdaForm$Name;)I @ 8 c2
Event: 8.492 Thread 0x000001876129d230 DEOPT PACKING pc=0x000001874bcaaeec sp=0x00000075027f63d0
Event: 8.492 Thread 0x000001876129d230 DEOPT UNPACKING pc=0x000001874b707402 sp=0x00000075027f6328 mode 2
Event: 8.514 Thread 0x000001876129d230 Uncommon trap: trap_request=0xffffffde fr.pc=0x000001874bbe7ad4 relative=0x0000000000001354
Event: 8.514 Thread 0x000001876129d230 Uncommon trap: reason=class_check action=maybe_recompile pc=0x000001874bbe7ad4 method=jdk.internal.loader.URLClassPath.getLoader(I)Ljdk/internal/loader/URLClassPath$Loader; @ 198 c2
Event: 8.514 Thread 0x000001876129d230 DEOPT PACKING pc=0x000001874bbe7ad4 sp=0x00000075027f7fb0
Event: 8.514 Thread 0x000001876129d230 DEOPT UNPACKING pc=0x000001874b707402 sp=0x00000075027f7f88 mode 2
Event: 8.520 Thread 0x000001876129d230 Uncommon trap: trap_request=0xffffffc6 fr.pc=0x000001874bbbf7a0 relative=0x0000000000000320
Event: 8.520 Thread 0x000001876129d230 Uncommon trap: reason=bimorphic_or_optimized_type_check action=maybe_recompile pc=0x000001874bbbf7a0 method=java.util.regex.Pattern$Slice.match(Ljava/util/regex/Matcher;ILjava/lang/CharSequence;)Z @ 75 c2
Event: 8.520 Thread 0x000001876129d230 DEOPT PACKING pc=0x000001874bbbf7a0 sp=0x00000075027f71c0
Event: 8.520 Thread 0x000001876129d230 DEOPT UNPACKING pc=0x000001874b707402 sp=0x00000075027f7140 mode 2
Event: 8.520 Thread 0x000001876129d230 Uncommon trap: trap_request=0xffffffc6 fr.pc=0x000001874bbbf7a0 relative=0x0000000000000320
Event: 8.520 Thread 0x000001876129d230 Uncommon trap: reason=bimorphic_or_optimized_type_check action=maybe_recompile pc=0x000001874bbbf7a0 method=java.util.regex.Pattern$Slice.match(Ljava/util/regex/Matcher;ILjava/lang/CharSequence;)Z @ 75 c2
Event: 8.520 Thread 0x000001876129d230 DEOPT PACKING pc=0x000001874bbbf7a0 sp=0x00000075027f71c0
Event: 8.520 Thread 0x000001876129d230 DEOPT UNPACKING pc=0x000001874b707402 sp=0x00000075027f7140 mode 2
Event: 8.598 Thread 0x000001876129d230 Uncommon trap: trap_request=0xffffff45 fr.pc=0x000001874bc9620c relative=0x000000000000028c
Event: 8.599 Thread 0x000001876129d230 Uncommon trap: reason=unstable_if action=reinterpret pc=0x000001874bc9620c method=java.lang.String.regionMatches(ZILjava/lang/String;II)Z @ 36 c2
Event: 8.599 Thread 0x000001876129d230 DEOPT PACKING pc=0x000001874bc9620c sp=0x00000075027f84e0
Event: 8.599 Thread 0x000001876129d230 DEOPT UNPACKING pc=0x000001874b707402 sp=0x00000075027f8448 mode 2

Classes loaded (20 events):
Event: 8.506 Loading class jdk/internal/ValueBased
Event: 8.506 Loading class jdk/internal/ValueBased done
Event: 8.521 Loading class sun/reflect/generics/reflectiveObjects/GenericArrayTypeImpl
Event: 8.521 Loading class sun/reflect/generics/reflectiveObjects/GenericArrayTypeImpl done
Event: 8.524 Loading class com/sun/beans/finder/MethodFinder
Event: 8.524 Loading class com/sun/beans/finder/AbstractFinder
Event: 8.524 Loading class com/sun/beans/finder/AbstractFinder done
Event: 8.524 Loading class com/sun/beans/finder/MethodFinder done
Event: 8.525 Loading class com/sun/beans/finder/MethodFinder$1
Event: 8.525 Loading class com/sun/beans/finder/MethodFinder$1 done
Event: 8.525 Loading class com/sun/beans/finder/FinderUtils
Event: 8.525 Loading class com/sun/beans/finder/FinderUtils done
Event: 8.525 Loading class java/lang/StringConcatHelper$Concat1
Event: 8.525 Loading class java/lang/StringConcatHelper$Concat1 done
Event: 8.582 Loading class sun/nio/ch/ChannelOutputStream
Event: 8.582 Loading class sun/nio/ch/ChannelOutputStream done
Event: 8.588 Loading class java/nio/file/StandardCopyOption
Event: 8.588 Loading class java/nio/file/StandardCopyOption done
Event: 8.588 Loading class sun/nio/fs/WindowsFileCopy
Event: 8.589 Loading class sun/nio/fs/WindowsFileCopy done

Classes unloaded (0 events):
No events

Classes redefined (0 events):
No events

Internal exceptions (20 events):
Event: 8.581 Thread 0x000001876069cb90 Exception <a 'sun/nio/fs/WindowsException'{0x0000000704935f60}> (0x0000000704935f60) 
thrown [s\src\hotspot\share\prims\jni.cpp, line 535]
Event: 8.582 Thread 0x000001876069cb90 Exception <a 'sun/nio/fs/WindowsException'{0x0000000704936848}> (0x0000000704936848) 
thrown [s\src\hotspot\share\prims\jni.cpp, line 535]
Event: 8.584 Thread 0x000001876069cb90 Exception <a 'sun/nio/fs/WindowsException'{0x0000000704945928}> (0x0000000704945928) 
thrown [s\src\hotspot\share\prims\jni.cpp, line 535]
Event: 8.584 Thread 0x000001876069cb90 Exception <a 'sun/nio/fs/WindowsException'{0x0000000704946210}> (0x0000000704946210) 
thrown [s\src\hotspot\share\prims\jni.cpp, line 535]
Event: 8.586 Thread 0x000001876069cb90 Exception <a 'sun/nio/fs/WindowsException'{0x000000070494f998}> (0x000000070494f998) 
thrown [s\src\hotspot\share\prims\jni.cpp, line 535]
Event: 8.587 Thread 0x000001876069cb90 Exception <a 'sun/nio/fs/WindowsException'{0x0000000704950280}> (0x0000000704950280) 
thrown [s\src\hotspot\share\prims\jni.cpp, line 535]
Event: 8.588 Thread 0x000001876069cb90 Exception <a 'sun/nio/fs/WindowsException'{0x00000007049513c8}> (0x00000007049513c8) 
thrown [s\src\hotspot\share\prims\jni.cpp, line 535]
Event: 8.588 Thread 0x000001876069cb90 Exception <a 'sun/nio/fs/WindowsException'{0x0000000704951f48}> (0x0000000704951f48) 
thrown [s\src\hotspot\share\prims\jni.cpp, line 535]
Event: 8.590 Thread 0x000001876069cb90 Exception <a 'sun/nio/fs/WindowsException'{0x0000000704952f90}> (0x0000000704952f90) 
thrown [s\src\hotspot\share\prims\jni.cpp, line 535]
Event: 8.591 Thread 0x000001876069cb90 Exception <a 'sun/nio/fs/WindowsException'{0x0000000704953410}> (0x0000000704953410) 
thrown [s\src\hotspot\share\prims\jni.cpp, line 535]
Event: 8.607 Thread 0x000001876129d230 Exception <a 'sun/nio/fs/WindowsException'{0x00000007049a57c0}> (0x00000007049a57c0) 
thrown [s\src\hotspot\share\prims\jni.cpp, line 535]
Event: 8.608 Thread 0x000001876129d230 Exception <a 'java/lang/ClassNotFoundException'{0x00000007049ac860}: sync_studio_tooling9_688p5mzkgacb2inbtyz0n4u1lBeanInfo> (0x00000007049ac860) 
thrown [s\src\hotspot\share\classfile\systemDictionary.cpp, line 328]
Event: 8.608 Thread 0x000001876129d230 Exception <a 'sun/nio/fs/WindowsException'{0x00000007049ae8a8}> (0x00000007049ae8a8) 
thrown [s\src\hotspot\share\prims\jni.cpp, line 535]
Event: 8.608 Thread 0x000001876129d230 Exception <a 'java/lang/ClassNotFoundException'{0x00000007049b5948}: sync_studio_tooling9_688p5mzkgacb2inbtyz0n4u1lCustomizer> (0x00000007049b5948) 
thrown [s\src\hotspot\share\classfile\systemDictionary.cpp, line 328]
Event: 8.616 Thread 0x000001876129d230 Exception <a 'java/lang/ClassNotFoundException'{0x00000007046134f0}: org/gradle/internal/metaobject/ConfigureDelegateBeanInfo> (0x00000007046134f0) 
thrown [s\src\hotspot\share\classfile\systemDictionary.cpp, line 328]
Event: 8.617 Thread 0x000001876129d230 Exception <a 'java/lang/ClassNotFoundException'{0x0000000704622d08}: org/gradle/internal/metaobject/ConfigureDelegateCustomizer> (0x0000000704622d08) 
thrown [s\src\hotspot\share\classfile\systemDictionary.cpp, line 328]
Event: 8.637 Thread 0x000001876129d230 Exception <a 'java/lang/ClassNotFoundException'{0x0000000704737440}: org/gradle/api/internal/initialization/DefaultScriptHandler_DecoratedBeanInfo> (0x0000000704737440) 
thrown [s\src\hotspot\share\classfile\systemDictionary.cpp, line 328]
Event: 8.638 Thread 0x000001876129d230 Exception <a 'java/lang/ClassNotFoundException'{0x0000000704746fe8}: org/gradle/api/internal/initialization/DefaultScriptHandlerBeanInfo> (0x0000000704746fe8) 
thrown [s\src\hotspot\share\classfile\systemDictionary.cpp, line 328]
Event: 8.638 Thread 0x000001876129d230 Exception <a 'java/lang/ClassNotFoundException'{0x0000000704756b60}: org/gradle/api/internal/initialization/DefaultScriptHandlerCustomizer> (0x0000000704756b60) 
thrown [s\src\hotspot\share\classfile\systemDictionary.cpp, line 328]
Event: 8.640 Thread 0x000001876129d230 Exception <a 'java/lang/ClassNotFoundException'{0x0000000704773778}: org/gradle/api/internal/initialization/DefaultScriptHandler_DecoratedCustomizer> (0x0000000704773778) 
thrown [s\src\hotspot\share\classfile\systemDictionary.cpp, line 328]

VM Operations (20 events):
Event: 7.834 Executing non-safepoint VM operation: HandshakeAllThreads (Deoptimize)
Event: 7.834 Executing non-safepoint VM operation: HandshakeAllThreads (Deoptimize) done
Event: 7.948 Executing non-safepoint VM operation: HandshakeAllThreads (Deoptimize)
Event: 7.948 Executing non-safepoint VM operation: HandshakeAllThreads (Deoptimize) done
Event: 7.948 Executing non-safepoint VM operation: HandshakeAllThreads (Deoptimize)
Event: 7.948 Executing non-safepoint VM operation: HandshakeAllThreads (Deoptimize) done
Event: 7.997 Executing safepoint VM operation: G1CollectForAllocation (G1 Evacuation Pause)
Event: 8.001 Executing safepoint VM operation: G1CollectForAllocation (G1 Evacuation Pause) done
Event: 8.191 Executing non-safepoint VM operation: HandshakeAllThreads (Deoptimize)
Event: 8.191 Executing non-safepoint VM operation: HandshakeAllThreads (Deoptimize) done
Event: 8.395 Executing non-safepoint VM operation: HandshakeAllThreads (Deoptimize)
Event: 8.395 Executing non-safepoint VM operation: HandshakeAllThreads (Deoptimize) done
Event: 8.400 Executing non-safepoint VM operation: HandshakeAllThreads (Deoptimize)
Event: 8.400 Executing non-safepoint VM operation: HandshakeAllThreads (Deoptimize) done
Event: 8.400 Executing non-safepoint VM operation: HandshakeAllThreads (Deoptimize)
Event: 8.400 Executing non-safepoint VM operation: HandshakeAllThreads (Deoptimize) done
Event: 8.425 Executing non-safepoint VM operation: HandshakeAllThreads (Deoptimize)
Event: 8.425 Executing non-safepoint VM operation: HandshakeAllThreads (Deoptimize) done
Event: 8.451 Executing safepoint VM operation: G1CollectForAllocation (G1 Evacuation Pause)
Event: 8.460 Executing safepoint VM operation: G1CollectForAllocation (G1 Evacuation Pause) done

Memory protections (0 events):
No events

Nmethod flushes (20 events):
Event: 7.237 Thread 0x000001875a673b90 flushing  nmethod 0x0000018744210e08
Event: 7.237 Thread 0x000001875a673b90 flushing  nmethod 0x0000018744214f08
Event: 7.237 Thread 0x000001875a673b90 flushing  nmethod 0x0000018744215888
Event: 7.237 Thread 0x000001875a673b90 flushing  nmethod 0x0000018744216808
Event: 7.237 Thread 0x000001875a673b90 flushing  nmethod 0x0000018744217d88
Event: 7.237 Thread 0x000001875a673b90 flushing  nmethod 0x0000018744218908
Event: 7.237 Thread 0x000001875a673b90 flushing  nmethod 0x000001874421a108
Event: 7.237 Thread 0x000001875a673b90 flushing  nmethod 0x000001874421c208
Event: 7.237 Thread 0x000001875a673b90 flushing  nmethod 0x000001874424a908
Event: 7.237 Thread 0x000001875a673b90 flushing  nmethod 0x000001874424af08
Event: 7.237 Thread 0x000001875a673b90 flushing  nmethod 0x000001874425a208
Event: 7.237 Thread 0x000001875a673b90 flushing  nmethod 0x000001874425a888
Event: 7.237 Thread 0x000001875a673b90 flushing  nmethod 0x000001874428e308
Event: 7.237 Thread 0x000001875a673b90 flushing  nmethod 0x0000018744403e88
Event: 7.237 Thread 0x000001875a673b90 flushing  nmethod 0x0000018744428508
Event: 7.237 Thread 0x000001875a673b90 flushing  nmethod 0x000001874444af08
Event: 7.237 Thread 0x000001875a673b90 flushing  nmethod 0x000001874445f988
Event: 7.237 Thread 0x000001875a673b90 flushing  nmethod 0x0000018744460e08
Event: 7.237 Thread 0x000001875a673b90 flushing  nmethod 0x0000018744483188
Event: 7.237 Thread 0x000001875a673b90 flushing  nmethod 0x00000187444d6088

Events (20 events):
Event: 3.668 Thread 0x0000018761304d50 Thread added: 0x000001875a6e1a20
Event: 3.683 Thread 0x0000018761304d50 Thread added: 0x000001876129d230
Event: 3.693 Thread 0x000001876129d230 Thread added: 0x000001876129da00
Event: 3.715 Thread 0x000001876129d230 Thread added: 0x00000187612a10b0
Event: 3.724 Thread 0x000001876129d230 Thread added: 0x000001876129e1d0
Event: 4.269 Thread 0x000001876129d230 Thread added: 0x00000187612a1880
Event: 4.279 Thread 0x000001876129d230 Thread added: 0x00000187612a2820
Event: 4.339 Thread 0x000001876129d230 Thread added: 0x00000187612a2ff0
Event: 5.822 Thread 0x000001876129d230 Thread added: 0x000001875ffc2ab0
Event: 5.839 Thread 0x000001876129d230 Thread added: 0x000001875ffc3280
Event: 6.087 Thread 0x000001876129d230 Thread added: 0x000001875ffc3a50
Event: 6.092 Thread 0x000001876129d230 Thread added: 0x000001875ffc22e0
Event: 6.184 Thread 0x000001876129d230 Thread added: 0x000001876069bbf0
Event: 6.184 Thread 0x000001876129d230 Thread added: 0x000001876069ac50
Event: 6.184 Thread 0x000001876129d230 Thread added: 0x000001876069c3c0
Event: 6.184 Thread 0x000001876129d230 Thread added: 0x000001876069cb90
Event: 6.806 Thread 0x000001876129d230 Thread added: 0x0000018760699cb0
Event: 6.862 Thread 0x000001876129d230 Thread added: 0x000001876069ead0
Event: 7.191 Thread 0x000001876129d230 Thread added: 0x000001876069e300
Event: 7.656 Thread 0x000001876129d230 Thread added: 0x00000187615b4de0


Dynamic libraries:
0x00007ff7e6f70000 - 0x00007ff7e6f7a000 	C:\Program Files\Android\Android Studio\jbr\bin\java.exe
0x00007fffadec0000 - 0x00007fffae127000 	C:\WINDOWS\SYSTEM32\ntdll.dll
0x00007fffabc90000 - 0x00007fffabd5b000 	C:\WINDOWS\System32\KERNEL32.DLL
0x00007fffab0f0000 - 0x00007fffab4f2000 	C:\WINDOWS\System32\KERNELBASE.dll
0x00007fffa7ad0000 - 0x00007fffa7b6f000 	C:\WINDOWS\SYSTEM32\apphelp.dll
0x00007fffab830000 - 0x00007fffab97c000 	C:\WINDOWS\System32\ucrtbase.dll
0x00007fffa5830000 - 0x00007fffa5846000 	C:\Program Files\Android\Android Studio\jbr\bin\jli.dll
0x00007fffacc40000 - 0x00007ffface0f000 	C:\WINDOWS\System32\USER32.dll
0x00007fffab0c0000 - 0x00007fffab0e7000 	C:\WINDOWS\System32\win32u.dll
0x00007fffadc60000 - 0x00007fffadc8b000 	C:\WINDOWS\System32\GDI32.dll
0x00007fffab500000 - 0x00007fffab629000 	C:\WINDOWS\System32\gdi32full.dll
0x00007fffab630000 - 0x00007fffab6d3000 	C:\WINDOWS\System32\msvcp_win.dll
0x00007fff9d100000 - 0x00007fff9d11b000 	C:\Program Files\Android\Android Studio\jbr\bin\VCRUNTIME140.dll
0x00007fff8efe0000 - 0x00007fff8f270000 	C:\WINDOWS\WinSxS\amd64_microsoft.windows.common-controls_6595b64144ccf1df_6.0.26100.9278_none_3e0d1ba8e3303201\COMCTL32.dll
0x00007fffabbe0000 - 0x00007fffabc89000 	C:\WINDOWS\System32\msvcrt.dll
0x00007fffadc20000 - 0x00007fffadc51000 	C:\WINDOWS\System32\IMM32.DLL
0x00007fffa58a0000 - 0x00007fffa58ac000 	C:\Program Files\Android\Android Studio\jbr\bin\vcruntime140_1.dll
0x00007fff80460000 - 0x00007fff804ed000 	C:\Program Files\Android\Android Studio\jbr\bin\msvcp140.dll
0x00007fff34ef0000 - 0x00007fff35dcd000 	C:\Program Files\Android\Android Studio\jbr\bin\server\jvm.dll
0x00007fffadda0000 - 0x00007fffade5c000 	C:\WINDOWS\System32\ADVAPI32.dll
0x00007ffface20000 - 0x00007fffacec9000 	C:\WINDOWS\System32\sechost.dll
0x00007fffada60000 - 0x00007fffadb78000 	C:\WINDOWS\System32\RPCRT4.dll
0x00007fffac200000 - 0x00007fffac280000 	C:\WINDOWS\System32\WS2_32.dll
0x00007fffaaf40000 - 0x00007fffaaf9e000 	C:\WINDOWS\SYSTEM32\POWRPROF.dll
0x00007fff96990000 - 0x00007fff969c6000 	C:\WINDOWS\SYSTEM32\WINMM.dll
0x00007fff9d3a0000 - 0x00007fff9d3ab000 	C:\WINDOWS\SYSTEM32\VERSION.dll
0x00007fffaaf20000 - 0x00007fffaaf35000 	C:\WINDOWS\SYSTEM32\UMPDC.dll
0x00007fffa9d90000 - 0x00007fffa9dab000 	C:\WINDOWS\SYSTEM32\kernel.appcore.dll
0x00007fffa57c0000 - 0x00007fffa57ca000 	C:\Program Files\Android\Android Studio\jbr\bin\jimage.dll
0x00007fffa8640000 - 0x00007fffa888c000 	C:\WINDOWS\SYSTEM32\DBGHELP.DLL
0x00007fffac6f0000 - 0x00007fffaca75000 	C:\WINDOWS\System32\combase.dll
0x00007fffacf50000 - 0x00007fffad029000 	C:\WINDOWS\System32\OLEAUT32.dll
0x00007fff80770000 - 0x00007fff807ab000 	C:\WINDOWS\SYSTEM32\dbgcore.DLL
0x00007fffab990000 - 0x00007fffaba3c000 	C:\WINDOWS\System32\bcryptPrimitives.dll
0x00007fffa4300000 - 0x00007fffa430e000 	C:\Program Files\Android\Android Studio\jbr\bin\instrument.dll
0x00007fff99720000 - 0x00007fff9973e000 	C:\Program Files\Android\Android Studio\jbr\bin\java.dll
0x00007fffad8c0000 - 0x00007fffada5a000 	C:\WINDOWS\System32\ole32.dll
0x00007fffad030000 - 0x00007fffad7c8000 	C:\WINDOWS\System32\SHELL32.dll
0x00007fff96890000 - 0x00007fff968a6000 	C:\Program Files\Android\Android Studio\jbr\bin\zip.dll
0x00007fffa8b60000 - 0x00007fffa940e000 	C:\WINDOWS\SYSTEM32\windows.storage.dll
0x00007fffac5f0000 - 0x00007fffac6eb000 	C:\WINDOWS\System32\SHCORE.dll
0x00007fffacee0000 - 0x00007fffacf46000 	C:\WINDOWS\System32\shlwapi.dll
0x00007fffaafe0000 - 0x00007fffab009000 	C:\WINDOWS\SYSTEM32\profapi.dll
0x00007fff9e720000 - 0x00007fff9e730000 	C:\Program Files\Android\Android Studio\jbr\bin\net.dll
0x00007fffaa350000 - 0x00007fffaa3bc000 	C:\WINDOWS\system32\mswsock.dll
0x00007fff96150000 - 0x00007fff96166000 	C:\Program Files\Android\Android Studio\jbr\bin\nio.dll
0x00007fff9a120000 - 0x00007fff9a130000 	C:\Program Files\Android\Android Studio\jbr\bin\verify.dll
0x00007fff9d120000 - 0x00007fff9d147000 	C:\Users\Windows_11\.gradle\native\660c5614fbf4a5f2a75b1949f50a0caf5cd603558e7d8a26e50b933a0cfb79d1\windows-amd64\native-platform.dll
0x00007fff3f4c0000 - 0x00007fff3f537000 	C:\Users\Windows_11\.gradle\native\0.2.8\x86_64-windows-gnu\gradle-fileevents.dll
0x00007fff9e540000 - 0x00007fff9e549000 	C:\Program Files\Android\Android Studio\jbr\bin\management.dll
0x00007fff9db00000 - 0x00007fff9db0b000 	C:\Program Files\Android\Android Studio\jbr\bin\management_ext.dll
0x00007fffabd60000 - 0x00007fffabd68000 	C:\WINDOWS\System32\PSAPI.DLL
0x00007fffa9760000 - 0x00007fffa9793000 	C:\WINDOWS\SYSTEM32\IPHLPAPI.DLL
0x00007fffaced0000 - 0x00007fffaceda000 	C:\WINDOWS\System32\NSI.dll
0x00007fff9e640000 - 0x00007fff9e649000 	C:\Program Files\Android\Android Studio\jbr\bin\extnet.dll
0x00007fffaa640000 - 0x00007fffaa65b000 	C:\WINDOWS\SYSTEM32\CRYPTSP.dll
0x00007fffa9cf0000 - 0x00007fffa9d29000 	C:\WINDOWS\system32\rsaenh.dll
0x00007fffaa400000 - 0x00007fffaa434000 	C:\WINDOWS\SYSTEM32\USERENV.dll
0x00007fffaafb0000 - 0x00007fffaafda000 	C:\WINDOWS\SYSTEM32\bcrypt.dll
0x00007fffaa660000 - 0x00007fffaa66c000 	C:\WINDOWS\SYSTEM32\CRYPTBASE.dll
0x00007fff4c1e0000 - 0x00007fff4c1e8000 	C:\WINDOWS\system32\wshunix.dll

JVMTI agents:
C:\Users\Windows_11\.gradle\wrapper\dists\gradle-9.3.1-bin\23ovyewtku6u96viwx3xl3oks\gradle-9.3.1\lib\agents\gradle-instrumentation-agent-9.3.1.jar path:C:\Program Files\Android\Android Studio\jbr\bin\instrument.dll, loaded, initialized, instrumentlib options:none

dbghelp: loaded successfully - version: 4.0.5 - missing functions: none
symbol engine: initialized successfully - sym options: 0x614 - pdb path: .;C:\Program Files\Android\Android Studio\jbr\bin;C:\WINDOWS\SYSTEM32;C:\WINDOWS\WinSxS\amd64_microsoft.windows.common-controls_6595b64144ccf1df_6.0.26100.9278_none_3e0d1ba8e3303201;C:\Program Files\Android\Android Studio\jbr\bin\server;C:\Users\Windows_11\.gradle\native\660c5614fbf4a5f2a75b1949f50a0caf5cd603558e7d8a26e50b933a0cfb79d1\windows-amd64;C:\Users\Windows_11\.gradle\native\0.2.8\x86_64-windows-gnu

VM Arguments:
jvm_args: --add-opens=java.base/java.lang=ALL-UNNAMED --add-opens=java.base/java.lang.invoke=ALL-UNNAMED --add-opens=java.base/java.util=ALL-UNNAMED --add-opens=java.prefs/java.util.prefs=ALL-UNNAMED --add-exports=jdk.compiler/com.sun.tools.javac.api=ALL-UNNAMED --add-exports=jdk.compiler/com.sun.tools.javac.util=ALL-UNNAMED --add-opens=java.base/java.util=ALL-UNNAMED --add-opens=java.prefs/java.util.prefs=ALL-UNNAMED --add-opens=java.base/java.nio.charset=ALL-UNNAMED --add-opens=java.base/java.net=ALL-UNNAMED --add-opens=java.base/java.util.concurrent=ALL-UNNAMED --add-opens=java.base/java.util.concurrent.atomic=ALL-UNNAMED --add-opens=java.xml/javax.xml.namespace=ALL-UNNAMED --add-opens=java.base/java.time=ALL-UNNAMED --enable-native-access=ALL-UNNAMED -Xmx4g -Dfile.encoding=UTF-8 -Duser.country=US -Duser.language=en -Duser.variant -javaagent:C:\Users\Windows_11\.gradle\wrapper\dists\gradle-9.3.1-bin\23ovyewtku6u96viwx3xl3oks\gradle-9.3.1\lib\agents\gradle-instrumentation-agent-9.3.1.jar 
java_command: org.gradle.launcher.daemon.bootstrap.GradleDaemon 9.3.1
java_class_path (initial): C:\Users\Windows_11\.gradle\wrapper\dists\gradle-9.3.1-bin\23ovyewtku6u96viwx3xl3oks\gradle-9.3.1\lib\gradle-daemon-main-9.3.1.jar
Launcher Type: SUN_STANDARD

[Global flags]
     intx CICompilerCount                          = 3                                         {product} {ergonomic}
     uint ConcGCThreads                            = 1                                         {product} {ergonomic}
     uint G1ConcRefinementThreads                  = 4                                         {product} {ergonomic}
   size_t G1HeapRegionSize                         = 2097152                                   {product} {ergonomic}
   size_t InitialHeapSize                          = 130023424                                 {product} {ergonomic}
   size_t MarkStackSize                            = 4194304                                   {product} {ergonomic}
   size_t MarkStackSizeMax                         = 536870912                                 {product} {ergonomic}
   size_t MaxHeapSize                              = 4294967296                                {product} {command line}
   size_t MaxNewSize                               = 2575302656                                {product} {ergonomic}
   size_t MinHeapDeltaBytes                        = 2097152                                   {product} {ergonomic}
   size_t MinHeapSize                              = 8388608                                   {product} {ergonomic}
    uintx NonNMethodCodeHeapSize                   = 5898240                                {pd product} {ergonomic}
    uintx NonProfiledCodeHeapSize                  = 122945536                              {pd product} {ergonomic}
    uintx ProfiledCodeHeapSize                     = 122945536                              {pd product} {ergonomic}
    uintx ReservedCodeCacheSize                    = 251789312                              {pd product} {ergonomic}
     bool SegmentedCodeCache                       = true                                      {product} {ergonomic}
   size_t SoftMaxHeapSize                          = 4294967296                             {manageable} {ergonomic}
     bool UseCompressedOops                        = true                           {product lp64_product} {ergonomic}
     bool UseG1GC                                  = true                                      {product} {ergonomic}
     bool UseLargePagesIndividualAllocation        = false                                  {pd product} {ergonomic}

Logging:
Log output configuration:
 #0: stdout all=warning uptime,level,tags foldmultilines=false
 #1: stderr all=off uptime,level,tags foldmultilines=false

Release file:
JAVA_VERSION="25.0.3" 
MODULES="java.base java.compiler java.datatransfer java.xml java.prefs java.desktop java.instrument java.logging java.management java.security.sasl java.naming java.rmi java.management.rmi java.net.http java.scripting java.security.jgss java.transaction.xa java.sql java.sql.rowset java.xml.crypto java.se java.smartcardio jdk.accessibility jdk.internal.jvmstat jdk.attach jdk.charsets jdk.internal.opt jdk.zipfs jdk.compiler jdk.crypto.cryptoki jdk.crypto.ec jdk.dynalink jdk.hotspot.agent jdk.httpserver jdk.internal.ed jdk.internal.le jdk.internal.md jdk.internal.vm.ci jdk.jartool jdk.javadoc jdk.jcmd jdk.jdeps jdk.jdwp.agent jdk.jdi jdk.jfr jdk.jlink jdk.localedata jdk.management jdk.management.agent jdk.management.jfr jdk.naming.dns jdk.naming.rmi jdk.net jdk.sctp jdk.security.auth jdk.security.jgss jdk.unsupported jdk.unsupported.desktop jdk.xml.dom" 
IMPLEMENTOR="JetBrains s.r.o." 
JAVA_RUNTIME_VERSION="25.0.3+-15898627-b508.16" 
LIBC="default" 
OS_ARCH="x86_64" 
OS_NAME="Windows" 
SOURCE=".:git:a8b1dba3234f" 

Environment Variables:
PATH=C:\Python314\Scripts\;C:\Python314\;C:\Program Files (x86)\Common Files\Intel\Shared Libraries\redist\intel64\compiler;C:\WINDOWS\system32;C:\WINDOWS;C:\WINDOWS\System32\Wbem;C:\WINDOWS\System32\WindowsPowerShell\v1.0\;C:\WINDOWS\System32\OpenSSH\;C:\ProgramData\chocolatey\bin;C:\Program Files\dotnet\;C:\Program Files\nodejs\;C:\Users\Windows_11\AppData\Local\Microsoft\WindowsApps;C:\MinGW\bin;D:\Software\flutter_windows_3.3.10-stable\flutter\bin;C:\Program Files\JetBrains\IntelliJ IDEA Community Edition 2023.3.2\bin;;C:\Users\Windows_11\AppData\Roaming\npm;C:\Users\Windows_11\AppData\Local\Programs\Microsoft VS Code\bin
USERNAME=Windows_11
OS=Windows_NT
PROCESSOR_IDENTIFIER=Intel64 Family 6 Model 126 Stepping 5, GenuineIntel
TMP=C:\Users\WINDOW~1\AppData\Local\Temp
TEMP=C:\Users\WINDOW~1\AppData\Local\Temp




Compilation memory statistics disabled.

Periodic native trim disabled

JNI global refs:
JNI global refs: 24, weak refs: 3

JNI global refs memory usage: 835, weak refs: 833

Process memory usage:
Resident Set Size: 258824K (3% of 8124792K total physical memory with 136592K free physical memory)

OOME stack traces (most recent first):
Classloader memory used:
Loader org.gradle.internal.classloader.VisitableURLClassLoader                         : 24832 K
Loader bootstrap                                                                       : 21249 K
Loader org.gradle.initialization.MixInLegacyTypesClassLoader                           : 4832 K
Loader org.gradle.internal.classloader.VisitableURLClassLoader                         : 799 K
Loader jdk.internal.loader.ClassLoaders$AppClassLoader                                 : 224 K
Loader jdk.internal.loader.ClassLoaders$PlatformClassLoader                            : 111 K
Loader org.gradle.groovy.scripts.internal.DefaultScriptCompilationHandler$ScriptClassLoader: 28088 B

Classes loaded by more than one classloader:
Class org.gradle.internal.IoActions                                                   : loaded 3 times (x 73B)
Class org.gradle.api.Action                                                           : loaded 3 times (x 72B)
Class org.gradle.api.GradleException                                                  : loaded 3 times (x 84B)
Class org.gradle.api.internal.classpath.ManifestUtil                                  : loaded 2 times (x 73B)
Class org.gradle.internal.operations.MultipleBuildOperationFailures                   : loaded 2 times (x 97B)
Class org.gradle.internal.classloader.DefaultClassLoaderFactory                       : loaded 2 times (x 84B)
Class kotlin.collections.AbstractList$Companion                                       : loaded 2 times (x 73B)
Class org.gradle.internal.classloader.ClassLoaderVisitor                              : loaded 2 times (x 78B)
Class org.gradle.api.internal.classpath.EffectiveClassPath                            : loaded 2 times (x 92B)
Class org.gradle.api.internal.DefaultClassPathProvider                                : loaded 2 times (x 78B)
Class [Lorg.gradle.api.internal.ClassPathProvider;                                    : loaded 2 times (x 71B)
Class org.gradle.api.internal.ClassPathProvider                                       : loaded 2 times (x 72B)
Class org.gradle.internal.service.UnknownServiceException                             : loaded 2 times (x 85B)
Class org.gradle.internal.classpath.TransformedClassPath                              : loaded 2 times (x 98B)
Class org.gradle.internal.classloader.InstrumentingClassLoader                        : loaded 2 times (x 72B)
Class kotlin.enums.EnumEntriesList                                                    : loaded 2 times (x 225B)
Class org.gradle.internal.service.ServiceLocator                                      : loaded 2 times (x 72B)
Class org.gradle.internal.time.DefaultTimer                                           : loaded 2 times (x 82B)
Class org.gradle.internal.classloader.ClasspathUtil$1                                 : loaded 2 times (x 78B)
Class org.gradle.api.internal.classpath.DefaultModuleRegistry$DefaultModule           : loaded 2 times (x 88B)
Class org.gradle.internal.time.DefaultCountdownTimer                                  : loaded 2 times (x 90B)
Class kotlin.Function                                                                 : loaded 2 times (x 72B)
Class org.gradle.api.internal.classpath.Module                                        : loaded 2 times (x 72B)
Class org.gradle.api.internal.classpath.UnknownModuleException                        : loaded 2 times (x 84B)
Class org.gradle.api.internal.DefaultClassPathRegistry                                : loaded 2 times (x 78B)
Class org.gradle.api.internal.ClassPathRegistry                                       : loaded 2 times (x 72B)
Class org.gradle.internal.classpath.DefaultClassPath$ImmutableUniqueList              : loaded 2 times (x 201B)
Class org.gradle.internal.classpath.ClassPath                                         : loaded 2 times (x 72B)
Class org.gradle.internal.classloader.ClassLoaderHierarchy                            : loaded 2 times (x 72B)
Class org.gradle.api.internal.classpath.ModuleRegistry                                : loaded 2 times (x 72B)
Class org.gradle.internal.installation.GradleInstallation$1                           : loaded 2 times (x 77B)
Class org.gradle.api.internal.classpath.DefaultModuleRegistry                         : loaded 2 times (x 88B)
Class org.gradle.internal.time.MonotonicClock                                         : loaded 2 times (x 79B)
Class org.gradle.internal.service.ServiceLookupException                              : loaded 2 times (x 84B)
Class org.gradle.internal.classloader.ClassLoaderFactory                              : loaded 2 times (x 72B)
Class org.gradle.internal.service.CachingServiceLocator                               : loaded 2 times (x 84B)
Class org.gradle.internal.time.TimeSource                                             : loaded 2 times (x 72B)
Class kotlin.enums.EnumEntries                                                        : loaded 2 times (x 72B)
Class org.gradle.internal.exceptions.ResolutionProvider                               : loaded 2 times (x 72B)
Class org.gradle.internal.classloader.ClasspathUtil                                   : loaded 2 times (x 73B)
Class org.gradle.internal.time.TimeSource$1                                           : loaded 2 times (x 79B)
Class kotlin.jvm.internal.DefaultConstructorMarker                                    : loaded 2 times (x 73B)
Class org.gradle.api.specs.Spec                                                       : loaded 2 times (x 72B)
Class org.gradle.internal.time.Clock                                                  : loaded 2 times (x 72B)
Class kotlin.collections.AbstractList                                                 : loaded 2 times (x 199B)
Class kotlin.collections.AbstractCollection                                           : loaded 2 times (x 119B)
Class org.gradle.internal.classloader.VisitableURLClassLoader$InstrumentingVisitableURLClassLoader: loaded 2 times (x 124B)
Class org.gradle.internal.classloader.VisitableURLClassLoader$Spec                    : loaded 2 times (x 76B)
Class org.gradle.internal.classpath.DefaultClassPath                                  : loaded 2 times (x 92B)
Class org.gradle.util.internal.DefaultGradleVersion                                   : loaded 2 times (x 84B)
Class org.gradle.internal.classloader.ClassLoaderSpec                                 : loaded 2 times (x 73B)
Class org.gradle.internal.classloader.VisitableURLClassLoader                         : loaded 2 times (x 118B)
Class org.gradle.internal.classloader.FilteringClassLoader                            : loaded 2 times (x 106B)
Class org.gradle.internal.Cast                                                        : loaded 2 times (x 73B)
Class kotlin.jvm.functions.Function1                                                  : loaded 2 times (x 72B)
Class org.gradle.internal.classpath.DefaultClassPath$ImmutableUniqueList$Builder      : loaded 2 times (x 77B)
Class kotlin.UninitializedPropertyAccessException                                     : loaded 2 times (x 84B)
Class org.gradle.internal.exceptions.NonGradleCauseExceptionsHolder                   : loaded 2 times (x 72B)
Class kotlin.NotImplementedError                                                      : loaded 2 times (x 84B)
Class kotlin.enums.EnumEntriesKt                                                      : loaded 2 times (x 73B)
Class org.gradle.internal.classloader.SystemClassLoaderSpec                           : loaded 2 times (x 73B)
Class org.gradle.internal.exceptions.MultiCauseException                              : loaded 2 times (x 72B)
Class org.gradle.internal.time.CountdownTimer                                         : loaded 2 times (x 72B)
Class kotlin.jvm.internal.Intrinsics                                                  : loaded 2 times (x 73B)
Class org.gradle.tooling.model.ProjectModel                                           : loaded 2 times (x 72B)
Class kotlin.KotlinNullPointerException                                               : loaded 2 times (x 84B)
Class org.gradle.internal.exceptions.DefaultMultiCauseException                       : loaded 2 times (x 97B)
Class org.gradle.internal.time.Time                                                   : loaded 2 times (x 73B)
Class org.gradle.api.internal.classpath.GlobalCacheRootsProvider                      : loaded 2 times (x 72B)
Class kotlin.NoWhenBranchMatchedException                                             : loaded 2 times (x 84B)
Class org.gradle.internal.time.Timer                                                  : loaded 2 times (x 72B)
Class kotlin.jvm.internal.markers.KMappedMarker                                       : loaded 2 times (x 72B)
Class org.gradle.internal.installation.CurrentGradleInstallationLocator               : loaded 2 times (x 73B)
Class org.gradle.internal.service.DefaultServiceLocator                               : loaded 2 times (x 85B)
Class org.gradle.util.GradleVersion                                                   : loaded 2 times (x 83B)
Class org.gradle.internal.installation.CurrentGradleInstallation                      : loaded 2 times (x 75B)
Class org.gradle.util.internal.GUtil                                                  : loaded 2 times (x 73B)
Class org.gradle.internal.installation.GradleInstallation                             : loaded 2 times (x 77B)

---------------  S Y S T E M  ---------------

OS:
 Windows 11 , 64 bit Build 26100 (10.0.26100.9444)
OS uptime: 1 days 8:57 hours

CPU: total 4 (initial active 4) (2 cores per cpu, 2 threads per core) family 6 model 126 stepping 5 microcode 0xa6, cx8, cmov, fxsr, ht, mmx, 3dnowpref, sse, sse2, sse3, ssse3, sse4.1, sse4.2, popcnt, lzcnt, tsc, tscinvbit, avx, avx2, aes, erms, clmul, bmi1, bmi2, adx, avx512f, avx512dq, avx512cd, avx512bw, avx512vl, sha, fma, vzeroupper, avx512_vpopcntdq, avx512_vpclmulqdq, avx512_vaes, avx512_vnni, clflush, clflushopt, avx512_vbmi2, avx512_vbmi, rdtscp, rdpid, fsrm, gfni, avx512_bitalg, f16c, pku, avx512_ifma
Processor Information for the first 4 processors :
  Max Mhz: 1190, Current Mhz: 1190, Mhz Limit: 1190

Memory: 4k page, system-wide physical 7934M (133M free)
TotalPageFile size 9982M (AvailPageFile size 21M)
current process WorkingSet (physical memory assigned to process): 252M, peak: 255M
current process commit charge ("private bytes"): 278M, peak: 295M

vm_info: OpenJDK 64-Bit Server VM (25.0.3+-15898627-b508.16) for windows-amd64 JRE (25.0.3+-15898627-b508.16), built on 2026-07-20T17:54:23Z with MS VC++ 16.10 / 16.11 (VS2019)

END.
